================================================================================
ADMIN ACTION LOG - 2024-01-01 00:00:00
================================================================================

This file will contain all admin actions logged by the AdminActionLogger singleton.
The log file is automatically created and managed by the AdminActionLogger class.

Format: [TIMESTAMP] ADMIN: email | ACTION: action | TARGET: entity (ID: id) | DETAILS: details

================================================================================
================================================================================
ADMIN ACTION LOG - 2025-10-21 19:17:57
================================================================================

[2025-10-21 19:18:24] ADMIN: rajika@parking.com | ACTION: DASHBOARD_ACCESS | DETAILS: Accessed admin dashboard with filters: Page: 0, Role: All, Status: All, Email: All
[2025-10-21 19:18:32] ADMIN: rajika@parking.com | ACTION: DASHBOARD_ACCESS | DETAILS: Accessed admin dashboard with filters: Page: 0, Role: All, Status: All, Email: All
[2025-10-21 19:19:41] ADMIN: rajika@parking.com | ACTION: USER_REGISTRATION | TARGET: User (ID: 39) | DETAILS: Registered new user: Email: prezi@parking.com, Role: ADMIN, Name: prezi Phezu
[2025-10-21 19:19:41] ADMIN: rajika@parking.com | ACTION: DASHBOARD_ACCESS | DETAILS: Accessed admin dashboard with filters: Page: 0, Role: All, Status: All, Email: All
[2025-10-21 19:19:45] ADMIN: rajika@parking.com | ACTION: DASHBOARD_ACCESS | DETAILS: Accessed admin dashboard with filters: Page: 0, Role: All, Status: All, Email: All
[2025-10-21 19:19:46] ADMIN: rajika@parking.com | ACTION: LOGGING_TEST | DETAILS: Tested admin logging functionality
[2025-10-21 19:20:40] ADMIN: rajika@parking.com | ACTION: LOGGING_TEST | DETAILS: Tested admin logging functionality
[2025-10-21 19:22:27] ADMIN: rajika@parking.com | ACTION: OBSERVER_PATTERN_TEST | DETAILS: Tested observer pattern functionality with mock reservation
[2025-10-21 19:22:36] ADMIN: rajika@parking.com | ACTION: LOGGING_TEST | DETAILS: Tested admin logging functionality
[2025-10-21 19:23:17] ADMIN: rajika@parking.com | ACTION: DASHBOARD_ACCESS | DETAILS: Accessed admin dashboard with filters: Page: 0, Role: All, Status: All, Email: All
[2025-10-21 19:23:36] ADMIN: rajika@parking.com | ACTION: DASHBOARD_ACCESS | DETAILS: Accessed admin dashboard with filters: Page: 0, Role: All, Status: All, Email: All
[2025-10-21 19:23:40] ADMIN: rajika@parking.com | ACTION: DASHBOARD_ACCESS | DETAILS: Accessed admin dashboard with filters: Page: 0, Role: All, Status: All, Email: All
[2025-10-21 19:23:41] ADMIN: rajika@parking.com | ACTION: LOGGING_TEST | DETAILS: Tested admin logging functionality
================================================================================
ADMIN ACTION LOG - 2025-10-21 19:24:39
================================================================================

[2025-10-21 19:24:43] ADMIN: rajika@parking.com | ACTION: DASHBOARD_ACCESS | DETAILS: Accessed admin dashboard with filters: Page: 0, Role: All, Status: All, Email: All
[2025-10-21 19:24:55] ADMIN: rajika@parking.com | ACTION: DASHBOARD_ACCESS | DETAILS: Accessed admin dashboard with filters: Page: 0, Role: All, Status: All, Email: All
[2025-10-21 19:25:00] ADMIN: rajika@parking.com | ACTION: LOGGING_TEST | DETAILS: Tested admin logging functionality
[2025-10-21 19:25:02] ADMIN: rajika@parking.com | ACTION: DASHBOARD_ACCESS | DETAILS: Accessed admin dashboard with filters: Page: 0, Role: All, Status: All, Email: All
[2025-10-21 19:25:36] ADMIN: rajika@parking.com | ACTION: DASHBOARD_ACCESS | DETAILS: Accessed admin dashboard with filters: Page: 1, Role: , Status: , Email: 
[2025-10-21 19:25:39] ADMIN: rajika@parking.com | ACTION: DASHBOARD_ACCESS | DETAILS: Accessed admin dashboard with filters: Page: 2, Role: , Status: , Email: 
[2025-10-21 19:25:46] ADMIN: rajika@parking.com | ACTION: USER_DEACTIVATE | TARGET: User (ID: 37) | DETAILS: Deactivated user: dasun@parking.com
[2025-10-21 19:25:46] ADMIN: rajika@parking.com | ACTION: DASHBOARD_ACCESS | DETAILS: Accessed admin dashboard with filters: Page: 0, Role: All, Status: All, Email: All
================================================================================
ADMIN ACTION LOG - 2025-10-21 20:05:02
================================================================================

[2025-10-21 20:05:22] ADMIN: rajika@parking.com | ACTION: DASHBOARD_ACCESS | DETAILS: Accessed admin dashboard with filters: Page: 0, Role: All, Status: All, Email: All
[2025-10-21 20:05:26] ADMIN: rajika@parking.com | ACTION: LOGGING_TEST | DETAILS: Tested admin logging functionality
[2025-10-21 20:05:54] ADMIN: rajika@parking.com | ACTION: DASHBOARD_ACCESS | DETAILS: Accessed admin dashboard with filters: Page: 0, Role: All, Status: All, Email: All
[2025-10-21 20:05:58] ADMIN: rajika@parking.com | ACTION: DASHBOARD_ACCESS | DETAILS: Accessed admin dashboard with filters: Page: 0, Role: All, Status: All, Email: All
[2025-10-21 20:05:58] ADMIN: rajika@parking.com | ACTION: LOGGING_TEST | DETAILS: Tested admin logging functionality
[2025-10-21 20:06:02] ADMIN: rajika@parking.com | ACTION: DASHBOARD_ACCESS | DETAILS: Accessed admin dashboard with filters: Page: 0, Role: All, Status: All, Email: All
[2025-10-21 20:06:31] ADMIN: rajika@parking.com | ACTION: DASHBOARD_ACCESS | DETAILS: Accessed admin dashboard with filters: Page: 1, Role: , Status: , Email: 
[2025-10-21 20:06:39] ADMIN: rajika@parking.com | ACTION: USER_DEACTIVATE | TARGET: User (ID: 31) | DETAILS: Deactivated user: janura@parking.com
[2025-10-21 20:06:39] ADMIN: rajika@parking.com | ACTION: DASHBOARD_ACCESS | DETAILS: Accessed admin dashboard with filters: Page: 0, Role: All, Status: All, Email: All
[2025-10-21 20:06:59] ADMIN: rajika@parking.com | ACTION: DASHBOARD_ACCESS | DETAILS: Accessed admin dashboard with filters: Page: 0, Role: All, Status: All, Email: All
================================================================================
ADMIN ACTION LOG - 2025-10-21 22:24:43
================================================================================

[2025-10-21 22:25:06] ADMIN: rajika@parking.com | ACTION: DASHBOARD_ACCESS | DETAILS: Accessed admin dashboard with filters: Page: 0, Role: All, Status: All, Email: All
[2025-10-21 22:25:52] ADMIN: rajika@parking.com | ACTION: DASHBOARD_ACCESS | DETAILS: Accessed admin dashboard with filters: Page: 0, Role: All, Status: All, Email: All
[2025-10-21 22:26:39] ADMIN: rajika@parking.com | ACTION: DASHBOARD_ACCESS | DETAILS: Accessed admin dashboard with filters: Page: 0, Role: All, Status: All, Email: All
================================================================================
ADMIN ACTION LOG - 2025-10-21 22:27:30
================================================================================

[2025-10-21 22:27:44] ADMIN: rajika@parking.com | ACTION: DASHBOARD_ACCESS | DETAILS: Accessed admin dashboard with filters: Page: 0, Role: All, Status: All, Email: All
[2025-10-21 22:28:05] ADMIN: rajika@parking.com | ACTION: DASHBOARD_ACCESS | DETAILS: Accessed admin dashboard with filters: Page: 0, Role: All, Status: All, Email: All
[2025-10-21 22:28:08] ADMIN: rajika@parking.com | ACTION: DASHBOARD_ACCESS | DETAILS: Accessed admin dashboard with filters: Page: 0, Role: All, Status: All, Email: All
[2025-10-21 22:28:10] ADMIN: rajika@parking.com | ACTION: DASHBOARD_ACCESS | DETAILS: Accessed admin dashboard with filters: Page: 0, Role: All, Status: All, Email: All
[2025-10-21 22:28:12] ADMIN: rajika@parking.com | ACTION: DASHBOARD_ACCESS | DETAILS: Accessed admin dashboard with filters: Page: 0, Role: All, Status: All, Email: All
[2025-10-21 22:28:18] ADMIN: rajika@parking.com | ACTION: DASHBOARD_ACCESS | DETAILS: Accessed admin dashboard with filters: Page: 0, Role: All, Status: All, Email: All
[2025-10-21 22:28:24] ADMIN: rajika@parking.com | ACTION: DASHBOARD_ACCESS | DETAILS: Accessed admin dashboard with filters: Page: 0, Role: All, Status: All, Email: All
[2025-10-21 22:28:52] ADMIN: rajika@parking.com | ACTION: DASHBOARD_ACCESS | DETAILS: Accessed admin dashboard with filters: Page: 0, Role: All, Status: All, Email: All
[2025-10-21 22:29:37] ADMIN: rajika@parking.com | ACTION: DASHBOARD_ACCESS | DETAILS: Accessed admin dashboard with filters: Page: 0, Role: All, Status: All, Email: All
[2025-10-21 22:29:42] ADMIN: rajika@parking.com | ACTION: DASHBOARD_ACCESS | DETAILS: Accessed admin dashboard with filters: Page: 0, Role: All, Status: All, Email: All
[2025-10-21 22:30:30] ADMIN: rajika@parking.com | ACTION: DASHBOARD_ACCESS | DETAILS: Accessed admin dashboard with filters: Page: 0, Role: All, Status: All, Email: All
[2025-10-21 22:30:35] ADMIN: rajika@parking.com | ACTION: DASHBOARD_ACCESS | DETAILS: Accessed admin dashboard with filters: Page: 0, Role: All, Status: All, Email: All
================================================================================
ADMIN ACTION LOG - 2025-10-22 00:24:05
================================================================================

[2025-10-22 00:41:05] ADMIN: rajika@parking.com | ACTION: DASHBOARD_ACCESS | DETAILS: Accessed admin dashboard with filters: Page: 0, Role: All, Status: All, Email: All
================================================================================
ADMIN ACTION LOG - 2025-10-22 00:48:10
================================================================================

[2025-10-22 00:48:38] ADMIN: rajika@parking.com | ACTION: DASHBOARD_ACCESS | DETAILS: Accessed admin dashboard with filters: Page: 0, Role: All, Status: All, Email: All
================================================================================
ADMIN ACTION LOG - 2025-10-22 00:54:50
================================================================================

[2025-10-22 00:55:26] ADMIN: rajika@parking.com | ACTION: DASHBOARD_ACCESS | DETAILS: Accessed admin dashboard with filters: Page: 0, Role: All, Status: All, Email: All
[2025-10-22 01:05:11] ADMIN: rajika@parking.com | ACTION: DASHBOARD_ACCESS | DETAILS: Accessed admin dashboard with filters: Page: 0, Role: All, Status: All, Email: All
================================================================================
ADMIN ACTION LOG - 2025-10-22 01:08:25
================================================================================

[2025-10-22 01:08:32] ADMIN: rajika@parking.com | ACTION: DASHBOARD_ACCESS | DETAILS: Accessed admin dashboard with filters: Page: 0, Role: All, Status: All, Email: All
[2025-10-22 01:20:32] ADMIN: rajika@parking.com | ACTION: DASHBOARD_ACCESS | DETAILS: Accessed admin dashboard with filters: Page: 0, Role: All, Status: All, Email: All
[2025-10-22 01:21:24] ADMIN: rajika@parking.com | ACTION: DASHBOARD_ACCESS | DETAILS: Accessed admin dashboard with filters: Page: 0, Role: All, Status: All, Email: All
================================================================================
ADMIN ACTION LOG - 2025-10-22 01:23:16
================================================================================

[2025-10-22 01:26:51] ADMIN: admin@parking.com | ACTION: DASHBOARD_ACCESS | DETAILS: Accessed admin dashboard with filters: Page: 0, Role: All, Status: All, Email: All
[2025-10-22 01:27:45] ADMIN: admin@parking.com | ACTION: USER_REGISTRATION | TARGET: User (ID: 40) | DETAILS: Registered new user: Email: vimal@parking.com, Role: CUSTOMER, Name: Vimal Abeykoon
[2025-10-22 01:27:45] ADMIN: admin@parking.com | ACTION: DASHBOARD_ACCESS | DETAILS: Accessed admin dashboard with filters: Page: 0, Role: All, Status: All, Email: All
[2025-10-22 01:27:52] ADMIN: admin@parking.com | ACTION: DASHBOARD_ACCESS | DETAILS: Accessed admin dashboard with filters: Page: 2, Role: , Status: , Email: 
================================================================================
ADMIN ACTION LOG - 2025-10-22 01:41:23
================================================================================

[2025-10-22 01:41:50] ADMIN: rajika@parking.com | ACTION: DASHBOARD_ACCESS | DETAILS: Accessed admin dashboard with filters: Page: 0, Role: All, Status: All, Email: All
================================================================================
ADMIN ACTION LOG - 2025-10-22 01:46:08
================================================================================

================================================================================
ADMIN ACTION LOG - 2025-10-22 01:48:55
================================================================================

================================================================================
ADMIN ACTION LOG - 2025-10-22 01:59:29
================================================================================

[2025-10-22 02:02:29] ADMIN: admin@parking.com | ACTION: DASHBOARD_ACCESS | DETAILS: Accessed admin dashboard with filters: Page: 0, Role: All, Status: All, Email: All
[2025-10-22 02:03:43] ADMIN: admin@parking.com | ACTION: DASHBOARD_ACCESS | DETAILS: Accessed admin dashboard with filters: Page: 1, Role: , Status: , Email: 
[2025-10-22 02:03:45] ADMIN: admin@parking.com | ACTION: DASHBOARD_ACCESS | DETAILS: Accessed admin dashboard with filters: Page: 2, Role: , Status: , Email: 
[2025-10-22 02:03:53] ADMIN: admin@parking.com | ACTION: DASHBOARD_ACCESS | DETAILS: Accessed admin dashboard with filters: Page: 2, Role: , Status: , Email: 
[2025-10-22 02:03:55] ADMIN: admin@parking.com | ACTION: DASHBOARD_ACCESS | DETAILS: Accessed admin dashboard with filters: Page: 2, Role: , Status: , Email: 
[2025-10-22 02:03:57] ADMIN: admin@parking.com | ACTION: DASHBOARD_ACCESS | DETAILS: Accessed admin dashboard with filters: Page: 2, Role: , Status: , Email: 
[2025-10-22 02:03:58] ADMIN: admin@parking.com | ACTION: DASHBOARD_ACCESS | DETAILS: Accessed admin dashboard with filters: Page: 2, Role: , Status: , Email: 
[2025-10-22 02:04:00] ADMIN: admin@parking.com | ACTION: DASHBOARD_ACCESS | DETAILS: Accessed admin dashboard with filters: Page: 2, Role: , Status: , Email: 
[2025-10-22 02:04:02] ADMIN: admin@parking.com | ACTION: DASHBOARD_ACCESS | DETAILS: Accessed admin dashboard with filters: Page: 2, Role: , Status: , Email: 
[2025-10-22 02:04:17] ADMIN: admin@parking.com | ACTION: DASHBOARD_ACCESS | DETAILS: Accessed admin dashboard with filters: Page: 2, Role: , Status: , Email: 
[2025-10-22 02:05:37] ADMIN: admin@parking.com | ACTION: USER_REGISTRATION | TARGET: User (ID: 46) | DETAILS: Registered new user: Email: binara@parking.com, Role: FINANCE_EXECUTIVE, Name: Binara Themiya
[2025-10-22 02:05:37] ADMIN: admin@parking.com | ACTION: DASHBOARD_ACCESS | DETAILS: Accessed admin dashboard with filters: Page: 0, Role: All, Status: All, Email: All
[2025-10-22 02:05:40] ADMIN: admin@parking.com | ACTION: DASHBOARD_ACCESS | DETAILS: Accessed admin dashboard with filters: Page: 2, Role: , Status: , Email: 
[2025-10-22 02:06:04] ADMIN: admin@parking.com | ACTION: USER_DELETE | TARGET: User (ID: 43) | DETAILS: Deleted user: thimira@parking.com
[2025-10-22 02:06:04] ADMIN: admin@parking.com | ACTION: DASHBOARD_ACCESS | DETAILS: Accessed admin dashboard with filters: Page: 0, Role: All, Status: All, Email: All
[2025-10-22 02:06:09] ADMIN: admin@parking.com | ACTION: DASHBOARD_ACCESS | DETAILS: Accessed admin dashboard with filters: Page: 2, Role: , Status: , Email: 
[2025-10-22 02:06:31] ADMIN: admin@parking.com | ACTION: USER_DEACTIVATE | TARGET: User (ID: 45) | DETAILS: Deactivated user: amasha@parking.com
[2025-10-22 02:06:31] ADMIN: admin@parking.com | ACTION: DASHBOARD_ACCESS | DETAILS: Accessed admin dashboard with filters: Page: 0, Role: All, Status: All, Email: All
[2025-10-22 02:08:14] ADMIN: rajika@parking.com | ACTION: DASHBOARD_ACCESS | DETAILS: Accessed admin dashboard with filters: Page: 0, Role: All, Status: All, Email: All
[2025-10-22 02:09:06] ADMIN: rajika@parking.com | ACTION: DASHBOARD_ACCESS | DETAILS: Accessed admin dashboard with filters: Page: 0, Role: All, Status: All, Email: All
